app/demo/page.tsx(86,40): error TS2345: Argument of type '{ signature: string; message: string; }' is not assignable to parameter of type 'string'.
components/trustrails/AgentRepIDGrid.tsx(141,21): error TS2353: Object literal may only specify known properties, and 'title' does not exist in type 'Properties<string | number, string & {}>'.
